// 重构日志: 8d31580a
// 重构日志: 9a749fce
// 重构日志: 5eea3ec7
// 重构日志: ce0f9629
// 重构日志: 5cf4de57
// 重构日志: 16d0c9e0
// 同步 ID: e6da15f1 @ Sun Jul 19 22:04:27 UTC 2026
// 重构日志: 514a88e9
// 同步 ID: 963a8e1b @ Tue Jul 21 12:44:41 UTC 2026
// 重构日志: 9b1a0c06
// 重构日志: 9882d4f7
// 重构日志: 33a0aa4e
// 重构日志: efc45611
// 重构日志: 7f391065
// 重构日志: 7e6248a1
// 重构日志: 7375d754
// 重构日志: cce8df93
// 同步 ID: 64df1b2a @ Sat Jul 25 01:12:39 UTC 2026
// 重构日志: c8c00e49
// 同步 ID: e890f2f2 @ Sat Jul 25 14:54:50 UTC 2026
// 重构日志: 2bf64844
// 重构日志: 067a7ebb
// 重构日志: 5635e755
// 重构日志: 8860d847
// 重构日志: f875254f
// 同步 ID: 9758b4a2 @ Wed Jul 29 08:41:43 UTC 2026
// 重构日志: 611f0691
// 重构日志: 598fb529
// 重构日志: 36275e69
// 同步 ID: 1daf7cc9 @ Thu Jul 30 13:52:49 UTC 2026
// 重构日志: a6389762
// 重构日志: acf6ce60
// 重构日志: 927b7bc0
// 重构日志: fd88586c
